address-deref-offset.c
anonymous-members.c
array-nested-init.c
array-param.c
array.c
assign-deref-float.c
assignment-type.c
bitfield-immediate-assign.c
bitfield-immediate-bitwise.c
bitfield-initialize-zero.c
bitfield-load.c
bitfield-mask.c
bitfield-packing.c
bitfield-reset-align.c
bitfield-types.c
bitfield-unsigned-promote.c
bitwise-complement.c
bitwise-constant.c
bitwise-expression.c
bitwise-sign-extend.c
byte-load.c
cast-float-union.c
cast-float.c
cast-function-args.c
cast-immediate-truncate.c
cast.c
comma-side-effects.c
compare.c
compound-assignment-basic.c
conditional-basic.c
conditional-constant.c
conditional.c
constant-address-index.c
constant-expression.c
constant-integer-type.c
convert-assign-immediate.c
convert-float-double.c
convert-int-float.c
convert-unsigned-float.c
copy-struct.c
declaration-default-int.c
declarator-abstract.c
declarator-parens.c
declare-auto-func.c
deref-address-offset.c
deref-array.c
deref-compare-float.c
deref-deep.c
deref-store.c
deref.c
dereference-extern.c
directive-number.c
do-continue.c
do-while.c
enum.c
exit.c
expression-div-mod.c
expression.c
fact.c
field-chain-assign.c
float-arithmetic.c
float-branch.c
float-compare-equal.c
float-compare-nan.c
float-compare.c
float-function.c
float-load-deref.c
for-empty-expr.c
for-side-effects.c
for.c
function-char-args.c
function-implicit-declare.c
goto.c
identifier.c
immediate-branch.c
immediate-pointer.c
increment.c
initialize-address.c
initialize-array.c
initialize-call.c
initialize-float.c
initialize-null.c
initialize-object.c
initialize-string.c
initialize-union.c
initialize.c
integer-suffix.c
linebreak.c
liveness-deref-assign.c
liveness-global.c
liveness-loop.c
liveness-param-pointer.c
liveness-pointer.c
logical-and-bitwise-false.c
logical-operators-basic.c
macro-empty-arg.c
macro-function-paren.c
macro-keyword-arg.c
macro-keyword-define.c
macro-name-arg.c
macro-param-space.c
macro-predefined.c
macro-recursive.c
macro-refill-expand.c
macro-repeat-expand.c
macro-skip-expand.c
main42.c
negate.c
nested-macro.c
offsetof.c
old-param-decay.c
old-style-declaration.c
old-style-definition.c
padded-initialization.c
params-mixed.c
params-system-v.c
partial-initialization.c
pointer-diff.c
pointer-immediate.c
preprocess-expression.c
preprocess.c
preprocessor-expression.c
printstr.c
promote-unsigned.c
prototype-scope-enum.c
ptrdiff.c
push-immediate.c
qualifier-repeat.c
register-param.c
return-bitfield.c
return-compare-int.c
return-float-struct.c
return-partial-register.c
return-point.c
return-struct-basic.c
return-struct-integers.c
return-struct-mem.c
self-referential-struct.c
shift-assign.c
shift.c
short-circuit-comma.c
short-circuit.c
shortcircuit-loop.c
signed-division.c
sizeof.c
string-conversion.c
struct-alignment.c
struct-assign.c
struct-comma-call.c
struct-eightbyte-write.c
struct-init-swap.c
struct-padding.c
struct.c
switch-basic.c
switch-nested.c
switch-side-effect.c
tag.c
tail-compare-jump.c
tokenize-partial-keyword.c
typedef-function.c
unary-minus-float.c
unary-plus.c
union-float-assign.c
union-float-param.c
union-zero-init.c
union.c
unsigned-compare-ge.c
unsigned-compare.c
unsigned-sign-extend.c
void-statement.c
zero-init.c
