abs.c
add int to bool.c
array lit indexes.c
array lit.c
bool arithm.c
bool include.c
bool to int.c
char var init.c
comp lit zero compare and assign.c
comp lit zero init.c
complex var.c
double negate.c
empty array decl.c
enum fixed.c
enum in func.c
enum no zero 2.c
enum no zero.c
enum start.c
enum zero.c
extern var.c
float div literal.c
for init multiple.c
for init.c
forward enum.c
func arg.c
func ptr.c
function decl.c
function forward decl 2.c
function forward decl.c
function var.c
go ints.c
if bool eq int 0.c
if bool neq int 0.c
if int eq.c
if int.c
if not int.c
init byte string.c
int overflow.c
literal statement.c
local func var.c
macro empty.c
macro order.c
macro string.c
macro typed int.c
macro untyped int.c
main no args.c
main with args.c
multiple vars 2.c
multiple vars.c
named enum.c
negative char.c
negative uchar.c
negative uint.c
negative ushort.c
nested struct fields init.c
panic.c
recursive struct.c
rename decl func.c
rename decl struct.c
return enum.c
stdbool override.c
stdint const override.c
stdlib forward decl.c
string literal ternary.c
string to byte ptr.c
struct and func.c
struct and var.c
struct forward decl.c
tcc 10.c
typedef alias.c
typedef bool.c
typedef enum.c
typedef primitive.c
typedef struct 3.c
typedef struct.c
undef malloc.c
unnamed enum.c
unnamed struct var.c
unused vars.c
use incomplete type.c
var init sum.c
var init.c
var.c
varargs.c
wrong func ptr.c
wstring to wchar ptr.c
