array-address-in-initializer.c
array-address.c
array-elem-addr-in-initializer.c
array-size-def.c
cond-cast.c
cond-expr-type-sharing-bug.c
cond-null-const-and-ptr.c
data-than-bss.c
enum-const-scope.c
enum_test.c
incomplete_type.c
issue117.c
issue19.c
issue36-2.c
issue36.c
issue68.c
matrix-param.c
mike.c
nested-macro-calls.c
non-pedantic-macro-redef.c
ptr-to-array.c
test1.c
typedef-member-scope.c
typedef.c
var-size-in-var-initializer.c
