00_assignment.c
01_comment.c
02_printf.c
03_struct.c
04_for.c
05_array.c
06_case.c
07_function.c
08_while.c
09_do_while.c
10_pointer.c
11_precedence.c
12_hashdefine.c
13_integer_literals.c
14_if.c
15_recursion.c
16_nesting.c
17_enum.c
18_include.c
19_pointer_arithmetic.c
20_pointer_comparison.c
21_char_array.c
22_floating_point.c
23_type_coercion.c
24_math_library.c
25_quicksort.c
26_character_constants.c
27_sizeof.c
28_strings.c
29_array_address.c
30_hanoi.c
31_args.c
32_led.c
33_ternary_op.c
35_sizeof.c
36_array_initialisers.c
37_sprintf.c
38_multiple_array_index.c
39_typedef.c
40_stdio.c
41_hashif.c
42_function_pointer.c
43_void_param.c
44_scoped_declarations.c
45_empty_for.c
46_grep.c
47_switch_return.c
48_nested_break.c
49_bracket_evaluation.c
50_logical_second_arg.c
51_static.c
52_unnamed_enum.c
54_goto.c
55_lshift_type.c
64_macro_nesting.c
67_macro_concat.c
70_floating_point_literals.c
71_macro_empty_arg.c
72_long_long_constant.c
75_array_in_struct_init.c
81_types.c
82_attribs_position.c
84_hex-float.c
86_memory-model.c
87_dead_code.c
88_codeopt.c
89_nocode_wanted.c
91_ptr_longlong_arith32.c
92_enum_bitfield.c
93_integer_promotion.c
97_utf8_string_literal.c
